MC7 exists!
o 2020-12-30 01:07:08
  generating k-mers from reference.
    ../../data/B71Ref2.fasta
o 2020-12-30 01:07:38
  mapping k-mers to reference.
# reads processed: 41487747
# reads with at least one reported alignment: 41487747 (100.00%)
# reads that failed to align: 0 (0.00%)
Reported 41487747 alignments
o 2020-12-30 01:25:22
  generaring bin BED file.
o 2020-12-30 01:25:45
  minimap2 indexing.
[M::mm_idx_gen::1.297*0.98] collected minimizers
[M::mm_idx_gen::1.552*1.30] sorted minimizers
[M::main::1.853*1.25] loaded/built the index for 9 target sequence(s)
[M::mm_idx_stat] kmer size: 15; skip: 10; is_hpc: 0; #seq: 9
[M::mm_idx_stat::1.946*1.24] distinct minimizers: 7262818 (92.61% are singletons); average occurrences: 1.160; average spacing: 5.324; total length: 44846405
[M::main] Version: 2.17-r974-dirty
[M::main] CMD: minimap2 -x map-ont -d MC7/minimap2/ref.mmi ../../data/B71Ref2.fasta
[M::main] Real time: 1.958 sec; CPU: 2.429 sec; Peak RSS: 0.396 GB
o 2020-12-30 01:25:47
  subj alignment.
[bam_sort_core] merging from 16 files and 16 in-memory blocks...
o 2020-12-30 01:43:58
  query alignment.
[bam_sort_core] merging from 16 files and 16 in-memory blocks...
o 2020-12-30 02:00:26
  Bedtools counting.
o 2020-12-30 13:27:57
  Bin filtering.
o 2020-12-30 13:28:10
  Segmentation with R.
